The fib(N) function takes a single integer as its only parameter N.
If N is 0 or 1, the function returns 1. If N is less than 0, the
function raises a ValueError. Otherwise, the function returns the sum
of fib(N – 1) and fib(N – 2). The returned value will never be less
than 1. A naïve implementation of this function would get very slow as
N increased.

>>> import fib
>>> fib.fib(0)
1

>>> fib.fib(1)
1

>>> fib.fib(-3)
Traceback (most recent call last):
ValueError

>>> fib.fib(30)
1346269